Microchip MPLAB XC8 Compiler V2.45

Linker command line:

-W-3 \
  --edf=C:\Program Files\Microchip\xc8\v2.45\pic\dat\20230818022343_en.msgs \
  -cn -h+dist/default/debug\new_driver.debug.sym \
  --cmf=dist/default/debug\new_driver.debug.cmf -z -Q18F46K20 \
  -oC:\Users\Youssef\AppData\Local\Temp\xcAs3l4.\driver_tmp_3.o \
  --defsym=__MPLAB_BUILD=1 --fixupoverflow=error \
  -Mdist/default/debug/new_driver.debug.map \
  --md=C:\Users\Youssef\AppData\Local\Temp\xcAs3l4.\driver_tmp_0.dat -E1 \
  -ver=XC8 Compiler --acfsm=1493 -ACODE=00h-0FFFFh -ACONST=00h-0FFFFh \
  -ASMALLCONST=01000h-010FFhx240 -AMEDIUMCONST=01000h-0FFFFh \
  -ACOMRAM=01h-05Fh -AABS1=00h-0F5Fh -ABIGRAM=01h-0F5Fh \
  -ARAM=060h-0FFh,0100h-01FFhx14,0F00h-0F5Fh -ABANK0=060h-0FFh \
  -ABANK1=0100h-01FFh -ABANK2=0200h-02FFh -ABANK3=0300h-03FFh \
  -ABANK4=0400h-04FFh -ABANK5=0500h-05FFh -ABANK6=0600h-06FFh \
  -ABANK7=0700h-07FFh -ABANK8=0800h-08FFh -ABANK9=0900h-09FFh \
  -ABANK10=0A00h-0AFFh -ABANK11=0B00h-0BFFh -ABANK12=0C00h-0CFFh \
  -ABANK13=0D00h-0DFFh -ABANK14=0E00h-0EFFh -ABANK15=0F00h-0F5Fh \
  -ASFR=0F60h-0FFFh -ABIGSFR=0F60h-0FFFh -ACONFIG=0300000h-030000Dh \
  -AIDLOC=0200000h-0200007h -AEEDATA=0F00000h-0F003FFh -peeprom_data=EEDATA \
  -preset_vec=00h,intcode=08h,intcodelo=018h,powerup,init -pramtop=01000h \
  -psmallconst=SMALLCONST -pmediumconst=MEDIUMCONST -pconst=CONST \
  -AFARRAM=00h-00h \
  -prdata=COMRAM,nvrram=COMRAM,nvbit=COMRAM,rbss=COMRAM,rbit=COMRAM \
  -pfarbss=FARRAM,fardata=FARRAM,nvFARRAM=FARRAM \
  -pintsave_regs=BIGRAM,bigbss=BIGRAM,bigdata=BIGRAM -pbss=RAM \
  -pidata=CODE,irdata=CODE,ibigdata=CODE,ifardata=CODE -prparam=COMRAM \
  C:\Users\Youssef\AppData\Local\Temp\xcAs3l4.\driver_tmp_9.o \
  dist/default/debug\new_driver.debug.o 

Object code version is 3.11

Machine type is 18F46K20



                Name                               Link     Load   Length Selector   Space Scale
C:\Users\Youssef\AppData\Local\Temp\xcAs3l4.\driver_tmp_9.o
                config                           300000   300000        E        0       4
                init                                 26       26        4        C       0
                reset_vec                             0        0        4        0       0
dist/default/debug\new_driver.debug.o
                intcodelo                            18       18        E        C       0
                intcode                               8        8        6        4       0
                config                           300000   300000        E        0       4
                temp                                 5D       5D        1        1       1
                smallconst                         1000     1000       1A      800       0
                intcode_body                       17F2     17F2        4      BF9       0
                text12                             101A     101A      126      80D       0
                text11                             1714     1714       40      B67       0
                text10                             16CE     16CE       46      B67       0
                text9                              1340     1340       E6      80D       0
                text8                              1792     1792       36      B67       0
                text7                              1140     1140      110      80D       0
                text6                              15B0     15B0       72      80D       0
                text5                              1754     1754       3E      B67       0
                text4                              153E     153E       72      80D       0
                text3                              1622     1622       5C      80D       0
                text2                              1250     1250       F0      80D       0
                text1                              17C8     17C8       12      B67       0
                text0                              17DA     17DA        C      B67       0
                cstackCOMRAM                         41       41       11        1       1
                cstackBANK1                         14F      14F        2      100       1
                dataBANK1                           100      100       4F      100       1
                dataBANK0                            60       60       96       60       1
                bssBANK0                             F6       F6        A       60       1
                dataCOMRAM                           52       52        B        1       1
                bssCOMRAM                             1        1       40        1       1
                cinit                              14BC     14BC       82      80D       0
                idataBANK1                         167E     167E       4F      80D       0
                idataBANK0                         1426     1426       96      80D       0
                idataCOMRAM                        17E6     17E6        B      B67       0

TOTAL           Name                               Link     Load   Length     Space
        CLASS   CODE           
                intcodelo                            18       18        E         0
                intcode                               8        8        6         0
                init                                 26       26        4         0
                reset_vec                             0        0        4         0
                intcode_body                       17F2     17F2        4         0
                text12                             101A     101A      126         0
                text11                             1714     1714       40         0
                text10                             16CE     16CE       46         0
                text9                              1340     1340       E6         0
                text8                              1792     1792       36         0
                text7                              1140     1140      110         0
                text6                              15B0     15B0       72         0
                text5                              1754     1754       3E         0
                text4                              153E     153E       72         0
                text3                              1622     1622       5C         0
                text2                              1250     1250       F0         0
                text1                              17C8     17C8       12         0
                text0                              17DA     17DA        C         0
                cinit                              14BC     14BC       82         0
                idataBANK1                         167E     167E       4F         0
                idataBANK0                         1426     1426       96         0
                idataCOMRAM                        17E6     17E6        B         0

        CLASS   CONST          

        CLASS   SMALLCONST     
                smallconst                         1000     1000       1A         0

        CLASS   MEDIUMCONST    

        CLASS   COMRAM         
                temp                                 5D       5D        1         1
                cstackCOMRAM                         41       41       11         1
                dataCOMRAM                           52       52        B         1
                bssCOMRAM                             1        1       40         1

        CLASS   ABS1           

        CLASS   BIGRAM         

        CLASS   RAM            

        CLASS   BANK0          
                dataBANK0                            60       60       96         1
                bssBANK0                             F6       F6        A         1

        CLASS   BANK1          
                cstackBANK1                         14F      14F        2         1
                dataBANK1                           100      100       4F         1

        CLASS   BANK2          

        CLASS   BANK3          

        CLASS   BANK4          

        CLASS   BANK5          

        CLASS   BANK6          

        CLASS   BANK7          

        CLASS   BANK8          

        CLASS   BANK9          

        CLASS   BANK10         

        CLASS   BANK11         

        CLASS   BANK12         

        CLASS   BANK13         

        CLASS   BANK14         

        CLASS   BANK15         

        CLASS   SFR            

        CLASS   BIGSFR         

        CLASS   CONFIG         
                config                           300000   300000        E         4

        CLASS   IDLOC          

        CLASS   EEDATA         

        CLASS   FARRAM         

        CLASS   HEAP           

        CLASS   STACK          



SEGMENTS        Name                           Load    Length   Top    Selector   Space  Class

                reset_vec                      000000  000004  000004         0       0  CODE    
                bssCOMRAM                      000001  00005D  00005E         1       1  COMRAM  
                intcode                        000008  000006  00000E         4       0  CODE    
                intcodelo                      000018  000012  00002A         C       0  CODE    
                dataBANK0                      000060  0000A0  000100        60       1  BANK0   
                dataBANK1                      000100  000051  000151       100       1  BANK1   
                smallconst                     001000  00001A  00101A       800       0  SMALLCON
                text12                         00101A  0006B3  0016CD       80D       0  CODE    
                text10                         0016CE  000123  0017F1       B67       0  CODE    
                intcode_body                   0017F2  000004  0017F6       BF9       0  CODE    


UNUSED ADDRESS RANGES

        Name                Unused          Largest block    Delta
        BANK1            000151-0001FF               AF
        BANK10           000A00-000AFF              100
        BANK11           000B00-000BFF              100
        BANK12           000C00-000CFF              100
        BANK13           000D00-000DFF              100
        BANK14           000E00-000EFF              100
        BANK15           000F00-000F5F               60
        BANK2            000200-0002FF              100
        BANK3            000300-0003FF              100
        BANK4            000400-0004FF              100
        BANK5            000500-0005FF              100
        BANK6            000600-0006FF              100
        BANK7            000700-0007FF              100
        BANK8            000800-0008FF              100
        BANK9            000900-0009FF              100
        BIGRAM           00005E-00005F                2
                         000151-000F5F              E0F
        BIGSFR           000F60-000FFF               A0
        CODE             000004-000007                4
                         00000E-000017                A
                         00002A-000FFF              FD6
                         0016CD-0016CD                1
                         0017F1-0017F1                1
                         0017F6-00FFFF             E80A
        COMRAM           00005E-00005F                2
        CONST            000004-000007                4
                         00000E-000017                A
                         00002A-000FFF              FD6
                         0016CD-0016CD                1
                         0017F1-0017F1                1
                         0017F6-00FFFF             E80A
        EEDATA           F00000-F003FF              400
        IDLOC            200000-200007                8
        MEDIUMCONST      0016CD-0016CD                1
                         0017F1-0017F1                1
                         0017F6-00FFFF             E80A
        RAM              000151-000F5F              100
        SFR              000F60-000FFF               A0
        SMALLCONST       0016CD-0016CD                1
                         0017F1-0017F1                1
                         0017F6-00FFFF              100

                                  Symbol Table

ADC_initialize@_adc                      cstackCOMRAM 000049
ADC_initialize@ret                       cstackCOMRAM 00004B
MQ2_initialize@mq2_obj                   cstackCOMRAM 00004C
MQ2_initialize@ret                       cstackCOMRAM 00004D
_ADCON0bits                              (abs)        000FC2
_ADCON1bits                              (abs)        000FC1
_ADCON2bits                              (abs)        000FC0
_ADC_INTERRUPT_HANDLER                   bssCOMRAM    000035
_ADC_initialize                          text9        001340
_ADRESH                                  (abs)        000FC4
_ADRESL                                  (abs)        000FC3
_BAUDCONbits                             (abs)        000FB8
_CCP1CONbits                             (abs)        000FBD
_CCP1_INTERRUPT_HANDLER                  bssCOMRAM    000033
_CCP2CONbits                             (abs)        000FBA
_CCP2_INTERRUPT_HANDLER                  bssCOMRAM    000031
_CCPR1L                                  (abs)        000FBE
_CCPR2L                                  (abs)        000FBB
_EEADR                                   (abs)        000FA9
_EEADRH                                  (abs)        000FAA
_EECON1bits                              (abs)        000FA6
_EECON2                                  (abs)        000FA7
_EEDATA                                  (abs)        000FA8
_EUSART_Rx_Interrupt_Handler             bssCOMRAM    00002D
_EUSART_Tx_Interrupt_Handler             bssCOMRAM    00002F
_I2C_INTERRUPT_HANDLER                   bssCOMRAM    000029
_I2C_Report_Receive_Overflow             bssCOMRAM    000025
_I2C_Report_Write_Collision              bssCOMRAM    000027
_INT0_APP_ISR                            (abs)        000000
_INT1_APP_ISR                            (abs)        000000
_INT2_APP_ISR                            (abs)        000000
_INTCON2bits                             (abs)        000FF1
_INTCON3bits                             (abs)        000FF0
_INTCONbits                              (abs)        000FF2
_INTERRUPT_MANGER_HIGH                   intcode      000008
_INTERRUPT_MANGER_LOW                    intcodelo    000018
_IPR1bits                                (abs)        000F9F
_IPR2bits                                (abs)        000FA2
_Interrupt_handler_INT0                  bssCOMRAM    000023
_Interrupt_handler_INT1                  bssCOMRAM    000021
_Interrupt_handler_INT2                  bssCOMRAM    00001F
_Interrupt_handler_RB4_HIGH              bssCOMRAM    00001D
_Interrupt_handler_RB4_LOW               bssCOMRAM    000015
_Interrupt_handler_RB5_HIGH              bssCOMRAM    00001B
_Interrupt_handler_RB5_LOW               bssCOMRAM    000013
_Interrupt_handler_RB6_HIGH              bssCOMRAM    000019
_Interrupt_handler_RB6_LOW               bssCOMRAM    000011
_Interrupt_handler_RB7_HIGH              bssCOMRAM    000017
_Interrupt_handler_RB7_LOW               bssCOMRAM    00000F
_KeyPad1                                 dataBANK0    0000B2
_LATA                                    (abs)        000F89
_LATB                                    (abs)        000F8A
_LATC                                    (abs)        000F8B
_LATD                                    (abs)        000F8C
_LATE                                    (abs)        000F8D
_MQ2_initialize                          text8        001792
_PIE1bits                                (abs)        000F9D
_PIE2bits                                (abs)        000FA0
_PIR1bits                                (abs)        000F9E
_PIR2bits                                (abs)        000FA1
_PORTA                                   (abs)        000F80
_PORTB                                   (abs)        000F81
_PORTC                                   (abs)        000F82
_PORTD                                   (abs)        000F83
_PR2                                     (abs)        000FCB
_RB4_Flag                                dataCOMRAM   000057
_RB4_HIGH_Int_APP_ISR                    (abs)        000000
_RB4_LOW_Int_APP_ISR                     (abs)        000000
_RB5_Flag                                dataCOMRAM   000056
_RB5_HIGH_Int_APP_ISR                    (abs)        000000
_RB5_LOW_Int_APP_ISR                     (abs)        000000
_RB6_Flag                                dataCOMRAM   000055
_RB6_HIGH_Int_APP_ISR                    (abs)        000000
_RB6_LOW_Int_APP_ISR                     (abs)        000000
_RB7_Flag                                dataCOMRAM   000054
_RB7_HIGH_Int_APP_ISR                    (abs)        000000
_RB7_LOW_Int_APP_ISR                     (abs)        000000
_RCONbits                                (abs)        000FD0
_RCREG                                   (abs)        000FAE
_RCSTAbits                               (abs)        000FAB
_SPBRG                                   (abs)        000FAF
_SPBRGH                                  (abs)        000FB0
_SSPADD                                  (abs)        000FC8
_SSPBUF                                  (abs)        000FC9
_SSPCON1bits                             (abs)        000FC6
_SSPCON2bits                             (abs)        000FC5
_SSPSTATbits                             (abs)        000FC7
_T0CONbits                               (abs)        000FD5
_T1CONbits                               (abs)        000FCD
_T2CONbits                               (abs)        000FCA
_T3CONbits                               (abs)        000FB1
_TIMER0_INTERRUPT_HANDLER                bssCOMRAM    00000D
_TIMER1_INTERRUPT_HANDLER                bssCOMRAM    000009
_TIMER2_INTERRUPT_HANDLER                bssCOMRAM    000005
_TIMER3_INTERRUPT_HANDLER                bssCOMRAM    000003
_TMR0H                                   (abs)        000FD7
_TMR0L                                   (abs)        000FD6
_TMR1H                                   (abs)        000FCF
_TMR1L                                   (abs)        000FCE
_TMR2                                    (abs)        000FCC
_TMR3H                                   (abs)        000FB3
_TMR3L                                   (abs)        000FB2
_TRISA                                   (abs)        000F92
_TRISB                                   (abs)        000F93
_TRISC                                   (abs)        000F94
_TRISCbits                               (abs)        000F94
_TRISD                                   (abs)        000F95
_TRISE                                   (abs)        000F96
_TXREG                                   (abs)        000FAD
_TXSTAbits                               (abs)        000FAC
_US_pin                                  dataBANK1    000144
__HRAM                                   (abs)        000000
__H__absolute__                          __absolute__ 000000
__Habs1                                  abs1         000000
__Hbank0                                 bank0        000000
__Hbank1                                 bank1        000000
__Hbank10                                bank10       000000
__Hbank11                                bank11       000000
__Hbank12                                bank12       000000
__Hbank13                                bank13       000000
__Hbank14                                bank14       000000
__Hbank15                                bank15       000000
__Hbank2                                 bank2        000000
__Hbank3                                 bank3        000000
__Hbank4                                 bank4        000000
__Hbank5                                 bank5        000000
__Hbank6                                 bank6        000000
__Hbank7                                 bank7        000000
__Hbank8                                 bank8        000000
__Hbank9                                 bank9        000000
__Hbigbss                                bigbss       000000
__Hbigdata                               bigdata      000000
__Hbigram                                bigram       000000
__Hbigsfr                                bigsfr       000000
__Hbss                                   bss          000000
__HbssBANK0                              bssBANK0     000000
__HbssCOMRAM                             bssCOMRAM    000000
__Hcinit                                 cinit        000000
__Hclrtext                               clrtext      000000
__Hcomram                                comram       000000
__Hconfig                                config       30000E
__Hconst                                 const        000000
__HcstackBANK1                           cstackBANK1  000000
__HcstackCOMRAM                          cstackCOMRAM 000000
__Hdata                                  data         000000
__HdataBANK0                             dataBANK0    000000
__HdataBANK1                             dataBANK1    000000
__HdataCOMRAM                            dataCOMRAM   000000
__Heeprom_data                           eeprom_data  000000
__Hfarbss                                farbss       000000
__Hfardata                               fardata      000000
__Hheap                                  heap         000000
__Hibigdata                              ibigdata     000000
__Hidata                                 idata        000000
__HidataBANK0                            idataBANK0   000000
__HidataBANK1                            idataBANK1   000000
__HidataCOMRAM                           idataCOMRAM  000000
__Hidloc                                 idloc        000000
__Hifardata                              ifardata     000000
__Hinit                                  init         00002A
__Hintcode                               intcode      00000E
__Hintcode_body                          intcode_body 000000
__Hintcodelo                             intcodelo    000026
__Hintentry                              intentry     000000
__Hintret                                intret       000000
__Hintsave_regs                          intsave_regs 000000
__Hirdata                                irdata       000000
__Hmediumconst                           mediumconst  000000
__HnvFARRAM                              nvFARRAM     000000
__Hnvbit                                 nvbit        000000
__Hnvrram                                nvrram       000000
__Hparam                                 rparam       000000
__Hpowerup                               powerup      000026
__Hram                                   ram          000000
__Hramtop                                ramtop       001000
__Hrbit                                  rbit         000000
__Hrbss                                  rbss         000000
__Hrdata                                 rdata        000000
__Hreset_vec                             reset_vec    000004
__Hrparam                                rparam       000000
__Hsfr                                   sfr          000000
__Hsmallconst                            smallconst   00101A
__Hspace_0                               (abs)        0017F6
__Hspace_1                               (abs)        000151
__Hspace_2                               (abs)        000000
__Hspace_4                               (abs)        60000E
__Hstack                                 stack        000000
__Hstruct                                struct       000000
__Htemp                                  temp         00005E
__Htext                                  text         000000
__Htext0                                 text0        000000
__Htext1                                 text1        000000
__Htext10                                text10       000000
__Htext11                                text11       000000
__Htext12                                text12       000000
__Htext2                                 text2        000000
__Htext3                                 text3        000000
__Htext4                                 text4        000000
__Htext5                                 text5        000000
__Htext6                                 text6        000000
__Htext7                                 text7        000000
__Htext8                                 text8        000000
__Htext9                                 text9        000000
__LRAM                                   (abs)        000001
__L__absolute__                          __absolute__ 000000
__Labs1                                  abs1         000000
__Lbank0                                 bank0        000000
__Lbank1                                 bank1        000000
__Lbank10                                bank10       000000
__Lbank11                                bank11       000000
__Lbank12                                bank12       000000
__Lbank13                                bank13       000000
__Lbank14                                bank14       000000
__Lbank15                                bank15       000000
__Lbank2                                 bank2        000000
__Lbank3                                 bank3        000000
__Lbank4                                 bank4        000000
__Lbank5                                 bank5        000000
__Lbank6                                 bank6        000000
__Lbank7                                 bank7        000000
__Lbank8                                 bank8        000000
__Lbank9                                 bank9        000000
__Lbigbss                                bigbss       000000
__Lbigdata                               bigdata      000000
__Lbigram                                bigram       000000
__Lbigsfr                                bigsfr       000000
__Lbss                                   bss          000000
__LbssBANK0                              bssBANK0     000000
__LbssCOMRAM                             bssCOMRAM    000000
__Lcinit                                 cinit        000000
__Lclrtext                               clrtext      000000
__Lcomram                                comram       000000
__Lconfig                                config       000000
__Lconst                                 const        000000
__LcstackBANK1                           cstackBANK1  000000
__LcstackCOMRAM                          cstackCOMRAM 000000
__Ldata                                  data         000000
__LdataBANK0                             dataBANK0    000000
__LdataBANK1                             dataBANK1    000000
__LdataCOMRAM                            dataCOMRAM   000000
__Leeprom_data                           eeprom_data  000000
__Lfarbss                                farbss       000000
__Lfardata                               fardata      000000
__Lheap                                  heap         000000
__Libigdata                              ibigdata     000000
__Lidata                                 idata        000000
__LidataBANK0                            idataBANK0   000000
__LidataBANK1                            idataBANK1   000000
__LidataCOMRAM                           idataCOMRAM  000000
__Lidloc                                 idloc        000000
__Lifardata                              ifardata     000000
__Linit                                  init         000026
__Lintcode                               intcode      000008
__Lintcode_body                          intcode_body 000000
__Lintcodelo                             intcodelo    000018
__Lintentry                              intentry     000000
__Lintret                                intret       000000
__Lintsave_regs                          intsave_regs 000000
__Lirdata                                irdata       000000
__Lmediumconst                           mediumconst  000000
__LnvFARRAM                              nvFARRAM     000000
__Lnvbit                                 nvbit        000000
__Lnvrram                                nvrram       000000
__Lparam                                 rparam       000000
__Lpowerup                               powerup      000026
__Lram                                   ram          000000
__Lramtop                                ramtop       001000
__Lrbit                                  rbit         000000
__Lrbss                                  rbss         000000
__Lrdata                                 rdata        000000
__Lreset_vec                             reset_vec    000000
__Lrparam                                rparam       000000
__Lsfr                                   sfr          000000
__Lsmallconst                            smallconst   001000
__Lspace_0                               (abs)        000000
__Lspace_1                               (abs)        000000
__Lspace_2                               (abs)        000000
__Lspace_4                               (abs)        000000
__Lstack                                 stack        000000
__Lstruct                                struct       000000
__Ltemp                                  temp         00005D
__Ltext                                  text         000000
__Ltext0                                 text0        000000
__Ltext1                                 text1        000000
__Ltext10                                text10       000000
__Ltext11                                text11       000000
__Ltext12                                text12       000000
__Ltext2                                 text2        000000
__Ltext3                                 text3        000000
__Ltext4                                 text4        000000
__Ltext5                                 text5        000000
__Ltext6                                 text6        000000
__Ltext7                                 text7        000000
__Ltext8                                 text8        000000
__Ltext9                                 text9        000000
__S0                                     (abs)        0017F6
__S1                                     (abs)        000151
__S4                                     (abs)        000000
__S5                                     (abs)        000000
___heap_hi                               (abs)        000000
___heap_lo                               (abs)        000000
___inthi_sp                              stack        000000
___inthi_stack_hi                        stack        000000
___inthi_stack_lo                        stack        000000
___intlo_sp                              stack        000000
___intlo_stack_hi                        stack        000000
___intlo_stack_lo                        stack        000000
___param_bank                            (abs)        000000
___rparam_used                           (abs)        000001
___sp                                    stack        000000
___stack_hi                              stack        000000
___stack_lo                              stack        000000
__accesstop                              (abs)        000060
__activetblptr                           (abs)        000003
__end_of_ADC_initialize                  text9        001426
__end_of_INTERRUPT_MANGER_HIGH           intcode_body 0017F6
__end_of_INTERRUPT_MANGER_LOW            intcodelo    000026
__end_of_MQ2_initialize                  text8        0017C8
__end_of__initialization                 cinit        001534
__end_of_btn_values                      smallconst   001011
__end_of_ecu_layer_initialize            text1        0017DA
__end_of_gpio_pin_direction_intialize    text12       001140
__end_of_gpio_pin_intialize              text6        001622
__end_of_gpio_pin_write_logic            text7        001250
__end_of_lcd_4_intialize                 text2        001340
__end_of_lcd_4_send_command              text3        00167E
__end_of_lcd_4bit_send_enable_signale    text5        001792
__end_of_lcd_send_4bit                   text4        0015B0
__end_of_main                            text0        0017E6
__end_of_select_result_format            text11       001754
__end_of_select_voltage                  text10       001714
__initialization                         cinit        0014BC
__mediumconst                            mediumconst  000000
__pbssBANK0                              bssBANK0     0000F6
__pbssCOMRAM                             bssCOMRAM    000001
__pcinit                                 cinit        0014BC
__pcstackBANK1                           cstackBANK1  00014F
__pcstackCOMRAM                          cstackCOMRAM 000041
__pdataBANK0                             dataBANK0    000060
__pdataBANK1                             dataBANK1    000100
__pdataCOMRAM                            dataCOMRAM   000052
__pidataBANK0                            idataBANK0   001426
__pidataBANK1                            idataBANK1   00167E
__pidataCOMRAM                           idataCOMRAM  0017E6
__pintcode                               intcode      000008
__pintcode_body                          intcode_body 0017F2
__pintcodelo                             intcodelo    000018
__psmallconst                            smallconst   001000
__ptext0                                 text0        0017DA
__ptext1                                 text1        0017C8
__ptext10                                text10       0016CE
__ptext11                                text11       001714
__ptext12                                text12       00101A
__ptext2                                 text2        001250
__ptext3                                 text3        001622
__ptext4                                 text4        00153E
__ptext5                                 text5        001754
__ptext6                                 text6        0015B0
__ptext7                                 text7        001140
__ptext8                                 text8        001792
__ptext9                                 text9        001340
__ramtop                                 ramtop       001000
__smallconst                             smallconst   001000
_adc_1                                   dataBANK0    0000A2
_adc_2                                   dataBANK0    00009A
_adc_3                                   dataBANK0    000092
_btn_values                              smallconst   001001
_buuton_1                                dataBANK0    0000E4
_ccp_1_obj                               dataBANK1    000100
_ecu_layer_initialize                    text1        0017C8
_eusart_pin                              dataBANK1    00011B
_gpio_pin_direction_intialize            text12       00101A
_gpio_pin_intialize                      text6        0015B0
_gpio_pin_write_logic                    text7        001140
_i2c_p                                   dataBANK1    000131
_int0_obj                                dataBANK0    0000DE
_int1_obj                                dataBANK0    0000D8
_int2_obj                                dataBANK0    0000D2
_int_flag                                bssBANK0     0000F6
_lat_register                            dataBANK0    00006A
_lcd_1                                   dataBANK0    0000F0
_lcd_2                                   dataBANK0    000088
_lcd_4_intialize                         text2        001250
_lcd_4_send_command                      text3        001622
_lcd_4bit_send_enable_signale            text5        001754
_lcd_send_4bit                           text4        00153E
_led2                                    dataCOMRAM   00005C
_led3                                    dataCOMRAM   00005B
_led_green                               dataCOMRAM   000059
_led_red                                 dataCOMRAM   00005A
_lm35_mc                                 dataBANK0    0000AA
_main                                    text0        0017DA
_motor_1                                 dataCOMRAM   000052
_mq2_pin                                 dataBANK0    0000E7
_port_register                           dataBANK0    000060
_rb4_int_obj                             dataBANK0    0000CC
_rb5_int_obj                             dataBANK0    0000C6
_rb6_int_obj                             dataBANK0    0000C0
_rb7_int_obj                             dataBANK0    0000BA
_ret                                     bssCOMRAM    000037
_select_result_format                    text11       001714
_select_voltage                          text10       0016CE
_servo                                   dataBANK0    00007E
_servo_pin                               dataCOMRAM   000058
_timer0_preload                          bssCOMRAM    00000B
_timer1_preload                          bssCOMRAM    000007
_timer2_preload                          bssCOMRAM    000038
_timer3_preload                          bssCOMRAM    000001
_tris_register                           dataBANK0    000074
btemp                                    temp         00005D
end_of_initialization                    cinit        001534
gpio_pin_direction_intialize@_pin_config cstackCOMRAM 000042
gpio_pin_direction_intialize@ret         cstackCOMRAM 000048
gpio_pin_intialize@_pin_config           cstackCOMRAM 00004A
gpio_pin_intialize@ret                   cstackCOMRAM 00004C
gpio_pin_write_logic@_pin_config         cstackCOMRAM 000042
gpio_pin_write_logic@logic               cstackCOMRAM 000043
gpio_pin_write_logic@ret                 cstackCOMRAM 000049
int$flags                                temp         00005D
int_func                                 intcode_body 0017F2
intlevel0                                text         000000
intlevel1                                text         000000
intlevel2                                text         000000
intlevel3                                text         000000
isa$std                                  (abs)        000001
isa$xinst                                (abs)        000000
lcd_4_intialize@l_pins                   cstackBANK1  00014F
lcd_4_intialize@lcd                      cstackCOMRAM 000050
lcd_4_intialize@ret                      cstackBANK1  000150
lcd_4_send_command@command               cstackCOMRAM 00004E
lcd_4_send_command@lcd                   cstackCOMRAM 00004D
lcd_4_send_command@ret                   cstackCOMRAM 00004F
lcd_4bit_send_enable_signale@lcd         cstackCOMRAM 00004A
lcd_4bit_send_enable_signale@ret         cstackCOMRAM 00004B
lcd_send_4bit@command                    cstackCOMRAM 00004B
lcd_send_4bit@lcd                        cstackCOMRAM 00004A
lcd_send_4bit@ret                        cstackCOMRAM 00004C
led_initialize@F3732                     bssCOMRAM    000040
led_turn_off@F3742                       bssCOMRAM    00003E
led_turn_on@F3737                        bssCOMRAM    00003F
led_turn_toggle@F3747                    bssCOMRAM    00003D
relay_intialize@F3732                    bssCOMRAM    00003C
relay_turn_off@F3742                     bssCOMRAM    00003A
relay_turn_on@F3737                      bssCOMRAM    00003B
relay_turn_toggle@F3747                  bssCOMRAM    000039
select_result_format@_adc                cstackCOMRAM 000042
select_voltage@_adc                      cstackCOMRAM 000042
stackhi                                  (abs)        000000
stacklo                                  (abs)        000000
start                                    init         000026
start_initialization                     cinit        0014BC
ttemp5                                   temp         00005E
ttemp6                                   temp         000061
ttemp7                                   temp         000065
wtemp8                                   temp         00005E


MODULE INFORMATION

Module		Function		Class		Link	Load	Size
MCAL_Layer/Interrupts/mcal_interrupt_manger.c
		_INTERRUPT_MANGER_LOW		CODE           	0018	0000	14
		_INTERRUPT_MANGER_HIGH		CODE           	0008	0000	10

MCAL_Layer/Interrupts/mcal_interrupt_manger.c estimated size: 24

ECU_Layer/MQ2/mq2.c
		_MQ2_initialize		CODE           	1792	0000	54

ECU_Layer/MQ2/mq2.c estimated size: 54

ECU_Layer/Chr_LCD/ecu_chr_lcd.c
		_lcd_send_4bit 		CODE           	153E	0000	114
		_lcd_4_intialize		CODE           	1250	0000	240
		_lcd_4bit_send_enable_signale		CODE           	1754	0000	62
		_lcd_4_send_command		CODE           	1622	0000	92

ECU_Layer/Chr_LCD/ecu_chr_lcd.c estimated size: 508

shared
		_btn_values    		SMALLCONST     	1001	0000	16
		__initialization		CODE           	14BC	0000	120

shared estimated size: 136

MCAL_Layer/ADC/hal_adc.c
		_select_voltage		CODE           	16CE	0000	70
		_ADC_initialize		CODE           	1340	0000	230
		_select_result_format		CODE           	1714	0000	64

MCAL_Layer/ADC/hal_adc.c estimated size: 364

MCAL_Layer/GPIO/hal_gpio.c
		_gpio_pin_write_logic		CODE           	1140	0000	272
		_gpio_pin_intialize		CODE           	15B0	0000	114
		_gpio_pin_direction_intialize		CODE           	101A	0000	294

MCAL_Layer/GPIO/hal_gpio.c estimated size: 680

ECU_Layer/ecu_layer_initialize.c
		_ecu_layer_initialize		CODE           	17C8	0000	18

ECU_Layer/ecu_layer_initialize.c estimated size: 18

application.c
		_main          		CODE           	17DA	0000	12

application.c estimated size: 12

